
> nextn@0.1.0 build
> next build

   Ôû▓ Next.js 15.3.3

   Creating an optimized production build ...
node.exe : Failed to compile.
At C:\Program Files\nodejs\npm.ps1:29 char:3
+   & $NODE_EXE $NPM_CLI_JS $args
+   ~~~~~~~~~~~~~~~~~~~~~~~~~~~~~
    + CategoryInfo          : NotSpecified: (Failed to compile.:Stri 
   ng) [], RemoteException
    + FullyQualifiedErrorId : NativeCommandError
 

./src/app/page.tsx
Error:   [31mx[0m Expression expected
    ,-[[36;1;4mC:\Users\Cristian\Obsidian\Cristian\CDU\PROYECTOS\MEC
ANO\website-next\src\app\page.tsx[0m:37:1]
 [2m34[0m |     }, []);
 [2m35[0m | 
 [2m36[0m |     return (
 [2m37[0m |         <>
    : [35;1m         ^[0m
 [2m38[0m |             
 [2m39[0m | 
 [2m39[0m |     
    `----
  [31mx[0m Expected ',', got 'className'
    ,-[[36;1;4mC:\Users\Cristian\Obsidian\Cristian\CDU\PROYECTOS\MEC
ANO\website-next\src\app\page.tsx[0m:64:1]
 [2m61[0m |         </div>
 [2m62[0m |     </header>
 [2m63[0m | 
 [2m64[0m |     <main className="pt-20">
    : [35;1m          ^^^^^^^^^[0m
 [2m65[0m |         
 [2m66[0m |         <section className="relative min-h-[90vh] flex 
items-center overflow-hidden bg-mecano-slate industrial-grid">
 [2m66[0m |             <div className="absolute inset-0 
bg-gradient-to-r from-mecano-slate via-mecano-slate/80 
to-transparent z-10">
    `----

Caused by:
    Syntax Error

Import trace for requested module:
./src/app/page.tsx


> Build failed because of webpack errors
